[debug] [2025-02-27T16:33:32.478Z] ----------------------------------------------------------------------
[debug] [2025-02-27T16:33:32.480Z] Command:       /usr/local/bin/firebase /home/student-01-502b5046710f/.cache/firebase/tools/lib/node_modules/firebase-tools/lib/bin/firebase init hosting --project=qwiklabs-gcp-01-663a7d8b599c
[debug] [2025-02-27T16:33:32.480Z] CLI Version:   13.31.2
[debug] [2025-02-27T16:33:32.480Z] Platform:      linux
[debug] [2025-02-27T16:33:32.480Z] Node Version:  v18.5.0
[debug] [2025-02-27T16:33:32.481Z] Time:          Thu Feb 27 2025 16:33:32 GMT+0000 (Coordinated Universal Time)
[debug] [2025-02-27T16:33:32.481Z] ----------------------------------------------------------------------
[debug] 
[debug] [2025-02-27T16:33:32.486Z] > command requires scopes: ["email","openid","https://www.googleapis.com/auth/cloudplatformprojects.readonly","https://www.googleapis.com/auth/firebase","https://www.googleapis.com/auth/cloud-platform"]
[debug] [2025-02-27T16:33:32.542Z] Running auto auth
[info] 
     ######## #### ########  ######## ########     ###     ######  ########
     ##        ##  ##     ## ##       ##     ##  ##   ##  ##       ##
     ######    ##  ########  ######   ########  #########  ######  ######
     ##        ##  ##    ##  ##       ##     ## ##     ##       ## ##
     ##       #### ##     ## ######## ########  ##     ##  ######  ########

You're about to initialize a Firebase project in this directory:

  /home/student-01-502b5046710f/my_hugo_site

[info] 
=== Project Setup
[info] 
[info] First, let's associate this project directory with a Firebase project.
[info] You can create multiple project aliases by running firebase use --add, 
[info] but for now we'll just set up a default project.
[info] 
[debug] [2025-02-27T16:33:32.570Z] Using project from CLI flag: qwiklabs-gcp-01-663a7d8b599c
[debug] [2025-02-27T16:33:32.571Z] No OAuth tokens found
[debug] [2025-02-27T16:33:32.572Z] >>> [apiv2][query] GET https://firebase.googleapis.com/v1beta1/projects/qwiklabs-gcp-01-663a7d8b599c [none]
[debug] [2025-02-27T16:33:33.120Z] <<< [apiv2][status] GET https://firebase.googleapis.com/v1beta1/projects/qwiklabs-gcp-01-663a7d8b599c 200
[debug] [2025-02-27T16:33:33.120Z] <<< [apiv2][body] GET https://firebase.googleapis.com/v1beta1/projects/qwiklabs-gcp-01-663a7d8b599c {"projectId":"qwiklabs-gcp-01-663a7d8b599c","projectNumber":"397995155279","displayName":"qwiklabs-gcp-01-663a7d8b599c","name":"projects/qwiklabs-gcp-01-663a7d8b599c","resources":{"hostingSite":"qwiklabs-gcp-01-663a7d8b599c"},"state":"ACTIVE","etag":"1_5753b439-d092-4b7a-9c61-ec98144661c5"}
[info] i  Using project qwiklabs-gcp-01-663a7d8b599c (qwiklabs-gcp-01-663a7d8b599c) 
[info] 
=== Hosting Setup
[debug] [2025-02-27T16:33:33.126Z] No OAuth tokens found
[debug] [2025-02-27T16:33:33.127Z] >>> [apiv2][query] GET https://firebase.googleapis.com/v1beta1/projects/qwiklabs-gcp-01-663a7d8b599c [none]
[debug] [2025-02-27T16:33:33.435Z] <<< [apiv2][status] GET https://firebase.googleapis.com/v1beta1/projects/qwiklabs-gcp-01-663a7d8b599c 200
[debug] [2025-02-27T16:33:33.435Z] <<< [apiv2][body] GET https://firebase.googleapis.com/v1beta1/projects/qwiklabs-gcp-01-663a7d8b599c {"projectId":"qwiklabs-gcp-01-663a7d8b599c","projectNumber":"397995155279","displayName":"qwiklabs-gcp-01-663a7d8b599c","name":"projects/qwiklabs-gcp-01-663a7d8b599c","resources":{"hostingSite":"qwiklabs-gcp-01-663a7d8b599c"},"state":"ACTIVE","etag":"1_5753b439-d092-4b7a-9c61-ec98144661c5"}
[info] 
[info] Your public directory is the folder (relative to your project directory) that
[info] will contain Hosting assets to be uploaded with firebase deploy. If you
[info] have a build process for your assets, use your build's output directory.
[info] 
[debug] [2025-02-27T16:33:55.798Z] >>> [apiv2][query] GET https://www.gstatic.com/firebasejs/releases.json [none]
[debug] [2025-02-27T16:33:55.844Z] <<< [apiv2][status] GET https://www.gstatic.com/firebasejs/releases.json 200
[debug] [2025-02-27T16:33:55.845Z] <<< [apiv2][body] GET https://www.gstatic.com/firebasejs/releases.json {"current":{"version":"11.3.1","browserURL":"https://www.gstatic.com/firebasejs/11.3.1/firebase.js","packageURL":"https://www.gstatic.com/firebasejs/11.3.1/firebase.tgz"},"live":{"version":"11.3","browserURL":"https://www.gstatic.com/firebasejs/live/11.3/firebase.js","packageURL":"https://www.gstatic.com/firebasejs/live/11.3/firebase.tgz"},"components":{"analytics":"https://www.gstatic.com/firebasejs/11.3.1/firebase-analytics.js","app":"https://www.gstatic.com/firebasejs/11.3.1/firebase-app.js","app-check":"https://www.gstatic.com/firebasejs/11.3.1/firebase-app-check.js","auth":"https://www.gstatic.com/firebasejs/11.3.1/firebase-auth.js","auth/cordova":"https://www.gstatic.com/firebasejs/11.3.1/firebase-auth/cordova.js","auth/web-extension":"https://www.gstatic.com/firebasejs/11.3.1/firebase-auth/web-extension.js","functions":"https://www.gstatic.com/firebasejs/11.3.1/firebase-functions.js","firestore":"https://www.gstatic.com/firebasejs/11.3.1/firebase-firestore.js","firestore/lite":"https://www.gstatic.com/firebasejs/11.3.1/firebase-firestore/lite.js","installations":"https://www.gstatic.com/firebasejs/11.3.1/firebase-installations.js","storage":"https://www.gstatic.com/firebasejs/11.3.1/firebase-storage.js","performance":"https://www.gstatic.com/firebasejs/11.3.1/firebase-performance.js","remote-config":"https://www.gstatic.com/firebasejs/11.3.1/firebase-remote-config.js","messaging":"https://www.gstatic.com/firebasejs/11.3.1/firebase-messaging.js","messaging/sw":"https://www.gstatic.com/firebasejs/11.3.1/firebase-messaging/sw.js","database":"https://www.gstatic.com/firebasejs/11.3.1/firebase-database.js","vertexai":"https://www.gstatic.com/firebasejs/11.3.1/firebase-vertexai.js","data-connect":"https://www.gstatic.com/firebasejs/11.3.1/firebase-data-connect.js","firestore.memory":"https://www.gstatic.com/firebasejs/11.3.1/firebase-firestore.memory.js"}}
[info] ✔  Wrote y/index.html 
[info] 
[info] i  Detected a .git folder at /home/student-01-502b5046710f/my_hugo_site 
[info] i  Authorizing with GitHub to upload your service account to a GitHub repository's secrets store. 
[info] 
[info] Visit this URL on this device to log in:
[info] https://github.com/login/oauth/authorize?client_id=89cf50f02ac6aaed3484&state=260877966&redirect_uri=http%3A%2F%2Flocalhost%3A9005&scope=read%3Auser%20repo%20public_repo
[info] 
[info] Waiting for authentication...
